[debug] [2026-09-25T15:02:37.284Z] ----------------------------------------------------------------------
[debug] [2026-09-25T15:02:37.286Z] Command:       /opt/homebrew/Cellar/node@22/22.22.3/bin/node /opt/homebrew/bin/firebase projects:list --json
[debug] [2026-09-25T15:02:37.286Z] CLI Version:   15.19.0
[debug] [2026-09-25T15:02:37.287Z] Platform:      darwin
[debug] [2026-09-25T15:02:37.287Z] Node Version:  v22.22.3
[debug] [2026-09-25T15:02:37.287Z] Time:          Fri Sep 25 2026 17:02:37 GMT+0200 (Central European Summer Time)
[debug] [2026-09-25T15:02:37.287Z] ----------------------------------------------------------------------
[debug] 
[debug] [2026-09-25T15:02:37.289Z] >>> [apiv2][query] GET https://firebase-public.firebaseio.com/cli.json [none]
[debug] [2026-09-25T15:02:37.455Z] > command requires scopes: ["email","openid","https://www.googleapis.com/auth/cloudplatformprojects.readonly","https://www.googleapis.com/auth/firebase","https://www.googleapis.com/auth/cloud-platform"]
[debug] [2026-09-25T15:02:37.455Z] > authorizing via signed-in user (lukasz.kurczab@gmail.com)
[debug] [2026-09-25T15:02:37.457Z] Checked if tokens are valid: false, expires at: 1789682962011
[debug] [2026-09-25T15:02:37.457Z] Checked if tokens are valid: false, expires at: 1789682962011
[debug] [2026-09-25T15:02:37.457Z] > refreshing access token with scopes: []
[debug] [2026-09-25T15:02:37.458Z] >>> [apiv2][query] POST https://www.googleapis.com/oauth2/v3/token [none]
[debug] [2026-09-25T15:02:37.458Z] >>> [apiv2][body] POST https://www.googleapis.com/oauth2/v3/token [omitted]
[debug] [2026-09-25T15:02:37.725Z] <<< [apiv2][status] POST https://www.googleapis.com/oauth2/v3/token 200
[debug] [2026-09-25T15:02:37.725Z] <<< [apiv2][body] POST https://www.googleapis.com/oauth2/v3/token [omitted]
[error] Authentication Error: Your credentials are no longer valid. Please run firebase login --reauth

For CI servers and headless environments, generate a new token with firebase login:ci
[debug] [2026-09-25T15:02:37.726Z] Authentication Error: Your credentials are no longer valid. Please run firebase login --reauth

For CI servers and headless environments, generate a new token with firebase login:ci
[debug] [2026-09-25T15:02:37.727Z] FirebaseError: Authentication Error: Your credentials are no longer valid. Please run firebase login --reauth

For CI servers and headless environments, generate a new token with firebase login:ci
    at invalidCredentialError (/opt/homebrew/lib/node_modules/firebase-tools/lib/auth.js:177:12)
    at refreshTokens (/opt/homebrew/lib/node_modules/firebase-tools/lib/auth.js:590:15)
    at process.processTicksAndRejections (node:internal/process/task_queues:103:5)
    at async getAccessToken (/opt/homebrew/lib/node_modules/firebase-tools/lib/apiv2.js:52:18)
    at async Client.addAuthHeader (/opt/homebrew/lib/node_modules/firebase-tools/lib/apiv2.js:182:21)
    at async Client.request (/opt/homebrew/lib/node_modules/firebase-tools/lib/apiv2.js:129:34)
    at async getProjectPage (/opt/homebrew/lib/node_modules/firebase-tools/lib/management/projects.js:287:17)
    at async getFirebaseProjectPage (/opt/homebrew/lib/node_modules/firebase-tools/lib/management/projects.js:304:23)
    at async listFirebaseProjects (/opt/homebrew/lib/node_modules/firebase-tools/lib/management/projects.js:333:29)
    at async Command.actionFn (/opt/homebrew/lib/node_modules/firebase-tools/lib/commands/projects-list.js:51:20)
[error] 
[error] Error: Failed to list Firebase projects. See firebase-debug.log for more info.
[debug] [2026-09-25T15:02:37.864Z] <<< [apiv2][status] GET https://firebase-public.firebaseio.com/cli.json 200
[debug] [2026-09-25T15:02:37.864Z] <<< [apiv2][body] GET https://firebase-public.firebaseio.com/cli.json {"cloudBuildErrorAfter":1594252800000,"cloudBuildWarnAfter":1590019200000,"defaultNode10After":1594252800000,"minVersion":"3.0.5","node8DeploysDisabledAfter":1613390400000,"node8RuntimeDisabledAfter":1615809600000,"node8WarnAfter":1600128000000}
[warn] ⚠  Unable to fetch the CLI MOTD and remote config. This is not a fatal error, but may indicate an issue with your network connection. 
[debug] [2026-09-25T15:02:37.866Z] Failed to fetch MOTD Error: EPERM: operation not permitted, open '/Users/lukaszkurczab/.config/configstore/firebase-tools.json.1293018626'
[debug] [2026-09-25T15:02:37.994Z] Error: EPERM: operation not permitted, open '/Users/lukaszkurczab/.config/configstore/firebase-tools.json.375286953'
    at Object.openSync (node:fs:560:18)
    at Function.writeFileSync [as sync] (/opt/homebrew/lib/node_modules/firebase-tools/node_modules/write-file-atomic/index.js:205:13)
    at set all (/opt/homebrew/lib/node_modules/firebase-tools/node_modules/configstore/index.js:61:20)
    at Configstore.delete (/opt/homebrew/lib/node_modules/firebase-tools/node_modules/configstore/index.js:101:12)
    at process.<anonymous> (/opt/homebrew/lib/node_modules/firebase-tools/lib/bin/cli.js:65:45)
    at process.emit (node:events:531:35)
    at process.exit (node:internal/process/per_thread:240:15)
    at Timeout._onTimeout (/opt/homebrew/lib/node_modules/firebase-tools/lib/errorOut.js:20:17)
    at listOnTimeout (node:internal/timers:585:17)
    at process.processTimers (node:internal/timers:521:7)
[error] 
[error] Error: An unexpected error has occurred.
